frequency_map_choice(fmc)[str]           Tokmakoff [Skinner] Jansen Cho Hirst Reppert_4PN-4 Reppert_4PN-150
dipole_map_choice(dmc)[str]              [Torii] Jansen
residue_order[str]                       resname [resnum]
pos_choice[str]                          [C] O N D Torii
dp1_choice[str]                          [C] O N D Torii
dp2_choice[str]                          C O [N] D Torii
consider_nearest_neighbours(cnn)[bool]   True
legacy_mode[str]                         [None] AIM AmideImaps
solvent[str]                             [D2O] H2O
shift_base[str]                          0.0
shift_label[str]                         C13
labels[list_str]                         None

Torii_dipole_angle[float]                10.0   # in degrees

allow_map_mismatch[bool]                 False

include_protein_residues[list_str]       ARN ASH GLH HID HIE HIP HSD LYN LYSH
